"i \r have \r
carriage 
"returns!""";"i do not"
foo;bar
foo.bar.baz;bar!
#"bar"; "foo"
"incorrect"; "number"; "columns"; "will"; "be"; "ignored"
"incorrect"
"test with double "" quotes""";"bar ''! '"
"test with simple ' quotes'";"bar """"! """
"i \r have \r
carriage 
"returns!"" ";"i "
do too!"
"i have ; csv separators;";"I ; do too!"
